// Jest Snapshot v1, https://goo.gl/fbAQLP

exports[`LoginForm.vue snapshot 1`] = `
<div class="login-form">
  <h1 class="login-form__hdl">Log ind</h1>
  <form class="login-form__form">
    <div class="login-form__input"><label>Username</label> <input type="text"></div>
    <div class="login-form__input"><label>Password</label> <input type="password" autocomplete="on"></div> <button type="submit" class="btn__submit">Log ind</button>
  </form>
</div>
`;
